CRITICAL - 2026-05-12 11:10:53 --> TypeError: property_exists(): Argument #2 ($property) must be of type string, int given
[Method: CLI, Route: migrate]
in SYSTEMPATH/Database/BaseConnection.php on line 389.
 1 SYSTEMPATH/Database/BaseConnection.php(389): property_exists()
 2 SYSTEMPATH/Database/Database.php(147): CodeIgniter\Database\BaseConnection->__construct()
 3 SYSTEMPATH/Database/Database.php(61): CodeIgniter\Database\Database->initDriver()
 4 SYSTEMPATH/Database/Config.php(82): CodeIgniter\Database\Database->load()
 5 SYSTEMPATH/Common.php(391): CodeIgniter\Database\Config::connect()
 6 SYSTEMPATH/Database/MigrationRunner.php(156): db_connect()
 7 SYSTEMPATH/Config/Services.php(421): CodeIgniter\Database\MigrationRunner->__construct()
 8 SYSTEMPATH/Config/BaseService.php(325): CodeIgniter\Config\Services::migrations()
 9 SYSTEMPATH/Config/BaseService.php(264): CodeIgniter\Config\BaseService::__callStatic()
10 SYSTEMPATH/Config/Services.php(416): CodeIgniter\Config\BaseService::getSharedInstance()
11 SYSTEMPATH/Config/BaseService.php(334): CodeIgniter\Config\Services::migrations()
12 SYSTEMPATH/Config/BaseService.php(203): CodeIgniter\Config\BaseService::__callStatic()
13 SYSTEMPATH/Common.php(1078): CodeIgniter\Config\BaseService::get()
14 SYSTEMPATH/Commands/Database/Migrate.php(73): service()
15 SYSTEMPATH/CLI/Commands.php(74): CodeIgniter\Commands\Database\Migrate->run()
16 SYSTEMPATH/CLI/Console.php(47): CodeIgniter\CLI\Commands->run()
17 SYSTEMPATH/Boot.php(442): CodeIgniter\CLI\Console->run()
18 SYSTEMPATH/Boot.php(166): CodeIgniter\Boot::runCommand()
19 ROOTPATH/spark(87): CodeIgniter\Boot::bootSpark()
CRITICAL - 2026-05-12 11:15:21 --> TypeError: property_exists(): Argument #2 ($property) must be of type string, int given
[Method: CLI, Route: migrate]
in SYSTEMPATH/Database/BaseConnection.php on line 389.
 1 SYSTEMPATH/Database/BaseConnection.php(389): property_exists()
 2 SYSTEMPATH/Database/Database.php(147): CodeIgniter\Database\BaseConnection->__construct()
 3 SYSTEMPATH/Database/Database.php(61): CodeIgniter\Database\Database->initDriver()
 4 SYSTEMPATH/Database/Config.php(82): CodeIgniter\Database\Database->load()
 5 SYSTEMPATH/Common.php(391): CodeIgniter\Database\Config::connect()
 6 SYSTEMPATH/Database/MigrationRunner.php(156): db_connect()
 7 SYSTEMPATH/Config/Services.php(421): CodeIgniter\Database\MigrationRunner->__construct()
 8 SYSTEMPATH/Config/BaseService.php(325): CodeIgniter\Config\Services::migrations()
 9 SYSTEMPATH/Config/BaseService.php(264): CodeIgniter\Config\BaseService::__callStatic()
10 SYSTEMPATH/Config/Services.php(416): CodeIgniter\Config\BaseService::getSharedInstance()
11 SYSTEMPATH/Config/BaseService.php(334): CodeIgniter\Config\Services::migrations()
12 SYSTEMPATH/Config/BaseService.php(203): CodeIgniter\Config\BaseService::__callStatic()
13 SYSTEMPATH/Common.php(1078): CodeIgniter\Config\BaseService::get()
14 SYSTEMPATH/Commands/Database/Migrate.php(73): service()
15 SYSTEMPATH/CLI/Commands.php(74): CodeIgniter\Commands\Database\Migrate->run()
16 SYSTEMPATH/CLI/Console.php(47): CodeIgniter\CLI\Commands->run()
17 SYSTEMPATH/Boot.php(442): CodeIgniter\CLI\Console->run()
18 SYSTEMPATH/Boot.php(166): CodeIgniter\Boot::runCommand()
19 ROOTPATH/spark(87): CodeIgniter\Boot::bootSpark()
CRITICAL - 2026-05-12 11:24:41 --> Error: Undefined constant "Config\WRITEPAHT"
[Method: CLI, Route: migrate]
in SYSTEMPATH/Config/Factories.php on line 236.
 1 SYSTEMPATH/Config/Factories.php(170): CodeIgniter\Config\Factories::createInstance()
 2 SYSTEMPATH/Config/Factories.php(189): CodeIgniter\Config\Factories::__callStatic()
 3 SYSTEMPATH/Common.php(208): CodeIgniter\Config\Factories::get()
 4 SYSTEMPATH/Database/MigrationRunner.php(154): config()
 5 SYSTEMPATH/Config/Services.php(421): CodeIgniter\Database\MigrationRunner->__construct()
 6 SYSTEMPATH/Config/BaseService.php(325): CodeIgniter\Config\Services::migrations()
 7 SYSTEMPATH/Config/BaseService.php(264): CodeIgniter\Config\BaseService::__callStatic()
 8 SYSTEMPATH/Config/Services.php(416): CodeIgniter\Config\BaseService::getSharedInstance()
 9 SYSTEMPATH/Config/BaseService.php(334): CodeIgniter\Config\Services::migrations()
10 SYSTEMPATH/Config/BaseService.php(203): CodeIgniter\Config\BaseService::__callStatic()
11 SYSTEMPATH/Common.php(1078): CodeIgniter\Config\BaseService::get()
12 SYSTEMPATH/Commands/Database/Migrate.php(73): service()
13 SYSTEMPATH/CLI/Commands.php(74): CodeIgniter\Commands\Database\Migrate->run()
14 SYSTEMPATH/CLI/Console.php(47): CodeIgniter\CLI\Commands->run()
15 SYSTEMPATH/Boot.php(442): CodeIgniter\CLI\Console->run()
16 SYSTEMPATH/Boot.php(166): CodeIgniter\Boot::runCommand()
17 ROOTPATH/spark(87): CodeIgniter\Boot::bootSpark()
ERROR - 2026-05-12 11:24:56 --> Error connecting to the database: Exception: Unable to open database: unable to open database file in /home/itu/Downloads/Fitspace/system/Database/SQLite3/Connection.php:111
Stack trace:
#0 /home/itu/Downloads/Fitspace/system/Database/SQLite3/Connection.php(111): SQLite3->__construct()
#1 /home/itu/Downloads/Fitspace/system/Database/BaseConnection.php(555): CodeIgniter\Database\SQLite3\Connection->connect()
#2 /home/itu/Downloads/Fitspace/system/Database/SQLite3/Connection.php(74): CodeIgniter\Database\BaseConnection->initialize()
#3 /home/itu/Downloads/Fitspace/system/Database/BaseConnection.php(795): CodeIgniter\Database\SQLite3\Connection->initialize()
#4 /home/itu/Downloads/Fitspace/system/Database/BaseConnection.php(1706): CodeIgniter\Database\BaseConnection->query()
#5 /home/itu/Downloads/Fitspace/system/Database/BaseConnection.php(1726): CodeIgniter\Database\BaseConnection->listTables()
#6 /home/itu/Downloads/Fitspace/system/Database/MigrationRunner.php(821): CodeIgniter\Database\BaseConnection->tableExists()
#7 /home/itu/Downloads/Fitspace/system/Database/MigrationRunner.php(173): CodeIgniter\Database\MigrationRunner->ensureTable()
#8 /home/itu/Downloads/Fitspace/system/Commands/Database/Migrate.php(89): CodeIgniter\Database\MigrationRunner->latest()
#9 /home/itu/Downloads/Fitspace/system/CLI/SignalTrait.php(245): CodeIgniter\Commands\Database\Migrate::CodeIgniter\Commands\Database\{closure}()
#10 /home/itu/Downloads/Fitspace/system/Commands/Database/Migrate.php(88): CodeIgniter\Commands\Database\Migrate->withSignalsBlocked()
#11 /home/itu/Downloads/Fitspace/system/CLI/Commands.php(74): CodeIgniter\Commands\Database\Migrate->run()
#12 /home/itu/Downloads/Fitspace/system/CLI/Console.php(47): CodeIgniter\CLI\Commands->run()
#13 /home/itu/Downloads/Fitspace/system/Boot.php(442): CodeIgniter\CLI\Console->run()
#14 /home/itu/Downloads/Fitspace/system/Boot.php(166): CodeIgniter\Boot::runCommand()
#15 /home/itu/Downloads/Fitspace/spark(87): CodeIgniter\Boot::bootSpark()
#16 {main}

Next CodeIgniter\Database\Exceptions\DatabaseException: SQLite3 error: Unable to open database: unable to open database file in /home/itu/Downloads/Fitspace/system/Database/SQLite3/Connection.php:118
Stack trace:
#0 /home/itu/Downloads/Fitspace/system/Database/BaseConnection.php(555): CodeIgniter\Database\SQLite3\Connection->connect()
#1 /home/itu/Downloads/Fitspace/system/Database/SQLite3/Connection.php(74): CodeIgniter\Database\BaseConnection->initialize()
#2 /home/itu/Downloads/Fitspace/system/Database/BaseConnection.php(795): CodeIgniter\Database\SQLite3\Connection->initialize()
#3 /home/itu/Downloads/Fitspace/system/Database/BaseConnection.php(1706): CodeIgniter\Database\BaseConnection->query()
#4 /home/itu/Downloads/Fitspace/system/Database/BaseConnection.php(1726): CodeIgniter\Database\BaseConnection->listTables()
#5 /home/itu/Downloads/Fitspace/system/Database/MigrationRunner.php(821): CodeIgniter\Database\BaseConnection->tableExists()
#6 /home/itu/Downloads/Fitspace/system/Database/MigrationRunner.php(173): CodeIgniter\Database\MigrationRunner->ensureTable()
#7 /home/itu/Downloads/Fitspace/system/Commands/Database/Migrate.php(89): CodeIgniter\Database\MigrationRunner->latest()
#8 /home/itu/Downloads/Fitspace/system/CLI/SignalTrait.php(245): CodeIgniter\Commands\Database\Migrate::CodeIgniter\Commands\Database\{closure}()
#9 /home/itu/Downloads/Fitspace/system/Commands/Database/Migrate.php(88): CodeIgniter\Commands\Database\Migrate->withSignalsBlocked()
#10 /home/itu/Downloads/Fitspace/system/CLI/Commands.php(74): CodeIgniter\Commands\Database\Migrate->run()
#11 /home/itu/Downloads/Fitspace/system/CLI/Console.php(47): CodeIgniter\CLI\Commands->run()
#12 /home/itu/Downloads/Fitspace/system/Boot.php(442): CodeIgniter\CLI\Console->run()
#13 /home/itu/Downloads/Fitspace/system/Boot.php(166): CodeIgniter\Boot::runCommand()
#14 /home/itu/Downloads/Fitspace/spark(87): CodeIgniter\Boot::bootSpark()
#15 {main}
ERROR - 2026-05-12 11:26:24 --> Error connecting to the database: Exception: Unable to open database: unable to open database file in /home/itu/Downloads/Fitspace/system/Database/SQLite3/Connection.php:111
Stack trace:
#0 /home/itu/Downloads/Fitspace/system/Database/SQLite3/Connection.php(111): SQLite3->__construct()
#1 /home/itu/Downloads/Fitspace/system/Database/BaseConnection.php(555): CodeIgniter\Database\SQLite3\Connection->connect()
#2 /home/itu/Downloads/Fitspace/system/Database/SQLite3/Connection.php(74): CodeIgniter\Database\BaseConnection->initialize()
#3 /home/itu/Downloads/Fitspace/system/Database/BaseConnection.php(795): CodeIgniter\Database\SQLite3\Connection->initialize()
#4 /home/itu/Downloads/Fitspace/system/Database/BaseConnection.php(1706): CodeIgniter\Database\BaseConnection->query()
#5 /home/itu/Downloads/Fitspace/system/Database/BaseConnection.php(1726): CodeIgniter\Database\BaseConnection->listTables()
#6 /home/itu/Downloads/Fitspace/system/Database/MigrationRunner.php(821): CodeIgniter\Database\BaseConnection->tableExists()
#7 /home/itu/Downloads/Fitspace/system/Database/MigrationRunner.php(173): CodeIgniter\Database\MigrationRunner->ensureTable()
#8 /home/itu/Downloads/Fitspace/system/Commands/Database/Migrate.php(89): CodeIgniter\Database\MigrationRunner->latest()
#9 /home/itu/Downloads/Fitspace/system/CLI/SignalTrait.php(245): CodeIgniter\Commands\Database\Migrate::CodeIgniter\Commands\Database\{closure}()
#10 /home/itu/Downloads/Fitspace/system/Commands/Database/Migrate.php(88): CodeIgniter\Commands\Database\Migrate->withSignalsBlocked()
#11 /home/itu/Downloads/Fitspace/system/CLI/Commands.php(74): CodeIgniter\Commands\Database\Migrate->run()
#12 /home/itu/Downloads/Fitspace/system/CLI/Console.php(47): CodeIgniter\CLI\Commands->run()
#13 /home/itu/Downloads/Fitspace/system/Boot.php(442): CodeIgniter\CLI\Console->run()
#14 /home/itu/Downloads/Fitspace/system/Boot.php(166): CodeIgniter\Boot::runCommand()
#15 /home/itu/Downloads/Fitspace/spark(87): CodeIgniter\Boot::bootSpark()
#16 {main}

Next CodeIgniter\Database\Exceptions\DatabaseException: SQLite3 error: Unable to open database: unable to open database file in /home/itu/Downloads/Fitspace/system/Database/SQLite3/Connection.php:118
Stack trace:
#0 /home/itu/Downloads/Fitspace/system/Database/BaseConnection.php(555): CodeIgniter\Database\SQLite3\Connection->connect()
#1 /home/itu/Downloads/Fitspace/system/Database/SQLite3/Connection.php(74): CodeIgniter\Database\BaseConnection->initialize()
#2 /home/itu/Downloads/Fitspace/system/Database/BaseConnection.php(795): CodeIgniter\Database\SQLite3\Connection->initialize()
#3 /home/itu/Downloads/Fitspace/system/Database/BaseConnection.php(1706): CodeIgniter\Database\BaseConnection->query()
#4 /home/itu/Downloads/Fitspace/system/Database/BaseConnection.php(1726): CodeIgniter\Database\BaseConnection->listTables()
#5 /home/itu/Downloads/Fitspace/system/Database/MigrationRunner.php(821): CodeIgniter\Database\BaseConnection->tableExists()
#6 /home/itu/Downloads/Fitspace/system/Database/MigrationRunner.php(173): CodeIgniter\Database\MigrationRunner->ensureTable()
#7 /home/itu/Downloads/Fitspace/system/Commands/Database/Migrate.php(89): CodeIgniter\Database\MigrationRunner->latest()
#8 /home/itu/Downloads/Fitspace/system/CLI/SignalTrait.php(245): CodeIgniter\Commands\Database\Migrate::CodeIgniter\Commands\Database\{closure}()
#9 /home/itu/Downloads/Fitspace/system/Commands/Database/Migrate.php(88): CodeIgniter\Commands\Database\Migrate->withSignalsBlocked()
#10 /home/itu/Downloads/Fitspace/system/CLI/Commands.php(74): CodeIgniter\Commands\Database\Migrate->run()
#11 /home/itu/Downloads/Fitspace/system/CLI/Console.php(47): CodeIgniter\CLI\Commands->run()
#12 /home/itu/Downloads/Fitspace/system/Boot.php(442): CodeIgniter\CLI\Console->run()
#13 /home/itu/Downloads/Fitspace/system/Boot.php(166): CodeIgniter\Boot::runCommand()
#14 /home/itu/Downloads/Fitspace/spark(87): CodeIgniter\Boot::bootSpark()
#15 {main}
ERROR - 2026-05-12 11:30:48 --> Error connecting to the database: Exception: Unable to open database: unable to open database file in /home/itu/Downloads/Fitspace/system/Database/SQLite3/Connection.php:111
Stack trace:
#0 /home/itu/Downloads/Fitspace/system/Database/SQLite3/Connection.php(111): SQLite3->__construct()
#1 /home/itu/Downloads/Fitspace/system/Database/BaseConnection.php(555): CodeIgniter\Database\SQLite3\Connection->connect()
#2 /home/itu/Downloads/Fitspace/system/Database/SQLite3/Connection.php(74): CodeIgniter\Database\BaseConnection->initialize()
#3 /home/itu/Downloads/Fitspace/system/Database/BaseConnection.php(795): CodeIgniter\Database\SQLite3\Connection->initialize()
#4 /home/itu/Downloads/Fitspace/system/Database/BaseConnection.php(1706): CodeIgniter\Database\BaseConnection->query()
#5 /home/itu/Downloads/Fitspace/system/Database/BaseConnection.php(1726): CodeIgniter\Database\BaseConnection->listTables()
#6 /home/itu/Downloads/Fitspace/system/Database/MigrationRunner.php(821): CodeIgniter\Database\BaseConnection->tableExists()
#7 /home/itu/Downloads/Fitspace/system/Database/MigrationRunner.php(173): CodeIgniter\Database\MigrationRunner->ensureTable()
#8 /home/itu/Downloads/Fitspace/system/Commands/Database/Migrate.php(89): CodeIgniter\Database\MigrationRunner->latest()
#9 /home/itu/Downloads/Fitspace/system/CLI/SignalTrait.php(245): CodeIgniter\Commands\Database\Migrate::CodeIgniter\Commands\Database\{closure}()
#10 /home/itu/Downloads/Fitspace/system/Commands/Database/Migrate.php(88): CodeIgniter\Commands\Database\Migrate->withSignalsBlocked()
#11 /home/itu/Downloads/Fitspace/system/CLI/Commands.php(74): CodeIgniter\Commands\Database\Migrate->run()
#12 /home/itu/Downloads/Fitspace/system/CLI/Console.php(47): CodeIgniter\CLI\Commands->run()
#13 /home/itu/Downloads/Fitspace/system/Boot.php(442): CodeIgniter\CLI\Console->run()
#14 /home/itu/Downloads/Fitspace/system/Boot.php(166): CodeIgniter\Boot::runCommand()
#15 /home/itu/Downloads/Fitspace/spark(87): CodeIgniter\Boot::bootSpark()
#16 {main}

Next CodeIgniter\Database\Exceptions\DatabaseException: SQLite3 error: Unable to open database: unable to open database file in /home/itu/Downloads/Fitspace/system/Database/SQLite3/Connection.php:118
Stack trace:
#0 /home/itu/Downloads/Fitspace/system/Database/BaseConnection.php(555): CodeIgniter\Database\SQLite3\Connection->connect()
#1 /home/itu/Downloads/Fitspace/system/Database/SQLite3/Connection.php(74): CodeIgniter\Database\BaseConnection->initialize()
#2 /home/itu/Downloads/Fitspace/system/Database/BaseConnection.php(795): CodeIgniter\Database\SQLite3\Connection->initialize()
#3 /home/itu/Downloads/Fitspace/system/Database/BaseConnection.php(1706): CodeIgniter\Database\BaseConnection->query()
#4 /home/itu/Downloads/Fitspace/system/Database/BaseConnection.php(1726): CodeIgniter\Database\BaseConnection->listTables()
#5 /home/itu/Downloads/Fitspace/system/Database/MigrationRunner.php(821): CodeIgniter\Database\BaseConnection->tableExists()
#6 /home/itu/Downloads/Fitspace/system/Database/MigrationRunner.php(173): CodeIgniter\Database\MigrationRunner->ensureTable()
#7 /home/itu/Downloads/Fitspace/system/Commands/Database/Migrate.php(89): CodeIgniter\Database\MigrationRunner->latest()
#8 /home/itu/Downloads/Fitspace/system/CLI/SignalTrait.php(245): CodeIgniter\Commands\Database\Migrate::CodeIgniter\Commands\Database\{closure}()
#9 /home/itu/Downloads/Fitspace/system/Commands/Database/Migrate.php(88): CodeIgniter\Commands\Database\Migrate->withSignalsBlocked()
#10 /home/itu/Downloads/Fitspace/system/CLI/Commands.php(74): CodeIgniter\Commands\Database\Migrate->run()
#11 /home/itu/Downloads/Fitspace/system/CLI/Console.php(47): CodeIgniter\CLI\Commands->run()
#12 /home/itu/Downloads/Fitspace/system/Boot.php(442): CodeIgniter\CLI\Console->run()
#13 /home/itu/Downloads/Fitspace/system/Boot.php(166): CodeIgniter\Boot::runCommand()
#14 /home/itu/Downloads/Fitspace/spark(87): CodeIgniter\Boot::bootSpark()
#15 {main}
ERROR - 2026-05-12 11:32:31 --> Error connecting to the database: Exception: Unable to open database: unable to open database file in /home/itu/Downloads/Fitspace/system/Database/SQLite3/Connection.php:111
Stack trace:
#0 /home/itu/Downloads/Fitspace/system/Database/SQLite3/Connection.php(111): SQLite3->__construct()
#1 /home/itu/Downloads/Fitspace/system/Database/BaseConnection.php(555): CodeIgniter\Database\SQLite3\Connection->connect()
#2 /home/itu/Downloads/Fitspace/system/Database/SQLite3/Connection.php(74): CodeIgniter\Database\BaseConnection->initialize()
#3 /home/itu/Downloads/Fitspace/system/Database/BaseConnection.php(795): CodeIgniter\Database\SQLite3\Connection->initialize()
#4 /home/itu/Downloads/Fitspace/system/Database/BaseConnection.php(1706): CodeIgniter\Database\BaseConnection->query()
#5 /home/itu/Downloads/Fitspace/system/Database/BaseConnection.php(1726): CodeIgniter\Database\BaseConnection->listTables()
#6 /home/itu/Downloads/Fitspace/system/Database/MigrationRunner.php(821): CodeIgniter\Database\BaseConnection->tableExists()
#7 /home/itu/Downloads/Fitspace/system/Database/MigrationRunner.php(173): CodeIgniter\Database\MigrationRunner->ensureTable()
#8 /home/itu/Downloads/Fitspace/system/Commands/Database/Migrate.php(89): CodeIgniter\Database\MigrationRunner->latest()
#9 /home/itu/Downloads/Fitspace/system/CLI/SignalTrait.php(245): CodeIgniter\Commands\Database\Migrate::CodeIgniter\Commands\Database\{closure}()
#10 /home/itu/Downloads/Fitspace/system/Commands/Database/Migrate.php(88): CodeIgniter\Commands\Database\Migrate->withSignalsBlocked()
#11 /home/itu/Downloads/Fitspace/system/CLI/Commands.php(74): CodeIgniter\Commands\Database\Migrate->run()
#12 /home/itu/Downloads/Fitspace/system/CLI/Console.php(47): CodeIgniter\CLI\Commands->run()
#13 /home/itu/Downloads/Fitspace/system/Boot.php(442): CodeIgniter\CLI\Console->run()
#14 /home/itu/Downloads/Fitspace/system/Boot.php(166): CodeIgniter\Boot::runCommand()
#15 /home/itu/Downloads/Fitspace/spark(87): CodeIgniter\Boot::bootSpark()
#16 {main}

Next CodeIgniter\Database\Exceptions\DatabaseException: SQLite3 error: Unable to open database: unable to open database file in /home/itu/Downloads/Fitspace/system/Database/SQLite3/Connection.php:118
Stack trace:
#0 /home/itu/Downloads/Fitspace/system/Database/BaseConnection.php(555): CodeIgniter\Database\SQLite3\Connection->connect()
#1 /home/itu/Downloads/Fitspace/system/Database/SQLite3/Connection.php(74): CodeIgniter\Database\BaseConnection->initialize()
#2 /home/itu/Downloads/Fitspace/system/Database/BaseConnection.php(795): CodeIgniter\Database\SQLite3\Connection->initialize()
#3 /home/itu/Downloads/Fitspace/system/Database/BaseConnection.php(1706): CodeIgniter\Database\BaseConnection->query()
#4 /home/itu/Downloads/Fitspace/system/Database/BaseConnection.php(1726): CodeIgniter\Database\BaseConnection->listTables()
#5 /home/itu/Downloads/Fitspace/system/Database/MigrationRunner.php(821): CodeIgniter\Database\BaseConnection->tableExists()
#6 /home/itu/Downloads/Fitspace/system/Database/MigrationRunner.php(173): CodeIgniter\Database\MigrationRunner->ensureTable()
#7 /home/itu/Downloads/Fitspace/system/Commands/Database/Migrate.php(89): CodeIgniter\Database\MigrationRunner->latest()
#8 /home/itu/Downloads/Fitspace/system/CLI/SignalTrait.php(245): CodeIgniter\Commands\Database\Migrate::CodeIgniter\Commands\Database\{closure}()
#9 /home/itu/Downloads/Fitspace/system/Commands/Database/Migrate.php(88): CodeIgniter\Commands\Database\Migrate->withSignalsBlocked()
#10 /home/itu/Downloads/Fitspace/system/CLI/Commands.php(74): CodeIgniter\Commands\Database\Migrate->run()
#11 /home/itu/Downloads/Fitspace/system/CLI/Console.php(47): CodeIgniter\CLI\Commands->run()
#12 /home/itu/Downloads/Fitspace/system/Boot.php(442): CodeIgniter\CLI\Console->run()
#13 /home/itu/Downloads/Fitspace/system/Boot.php(166): CodeIgniter\Boot::runCommand()
#14 /home/itu/Downloads/Fitspace/spark(87): CodeIgniter\Boot::bootSpark()
#15 {main}
